Copyright 1986-2022 Xilinx, Inc. All Rights Reserved. Copyright 2022-2024 Advanced Micro Devices, Inc. All Rights Reserved.
---------------------------------------------------------------------------------------------------------------------------------------------
| Tool Version : Vivado v.2024.2 (lin64) Build 5239630 Fri Nov 08 22:34:34 MST 2024
| Date         : Fri Sep 11 19:30:41 2026
| Host         : finn_dev_thiago running 64-bit Ubuntu 22.04.5 LTS
| Command      : report_utilization -file /tmp/finn_dev_thiago/vivado_stitch_proj_fyy96vtw/ooc_utilization.rpt
| Design       : tiny_mlp_finn_wrapper
| Device       : xczu7ev-ffvc1156-2-e
| Speed File   : -2
| Design State : Routed
---------------------------------------------------------------------------------------------------------------------------------------------

Utilization Design Information

Table of Contents
-----------------
1. CLB Logic
1.1 Summary of Registers by Type
2. CLB Logic Distribution
3. BLOCKRAM
4. ARITHMETIC
5. I/O
6. CLOCK
7. ADVANCED
8. CONFIGURATION
9. Primitives
10. Black Boxes
11. Instantiated Netlists

1. CLB Logic
------------

+----------------------------+------+-------+------------+-----------+-------+
|          Site Type         | Used | Fixed | Prohibited | Available | Util% |
+----------------------------+------+-------+------------+-----------+-------+
| CLB LUTs                   | 4271 |     0 |          0 |    230400 |  1.85 |
|   LUT as Logic             | 4153 |     0 |          0 |    230400 |  1.80 |
|   LUT as Memory            |  118 |     0 |          0 |    101760 |  0.12 |
|     LUT as Distributed RAM |   22 |     0 |            |           |       |
|     LUT as Shift Register  |   96 |     0 |            |           |       |
| CLB Registers              | 4945 |     0 |          0 |    460800 |  1.07 |
|   Register as Flip Flop    | 4945 |     0 |          0 |    460800 |  1.07 |
|   Register as Latch        |    0 |     0 |          0 |    460800 |  0.00 |
| CARRY8                     |  267 |     0 |          0 |     28800 |  0.93 |
| F7 Muxes                   |   45 |     0 |          0 |    115200 |  0.04 |
| F8 Muxes                   |   21 |     0 |          0 |     57600 |  0.04 |
| F9 Muxes                   |    0 |     0 |          0 |     28800 |  0.00 |
+----------------------------+------+-------+------------+-----------+-------+
* Warning! LUT value is adjusted to account for LUT combining.


1.1 Summary of Registers by Type
--------------------------------

+-------+--------------+-------------+--------------+
| Total | Clock Enable | Synchronous | Asynchronous |
+-------+--------------+-------------+--------------+
| 0     |            _ |           - |            - |
| 0     |            _ |           - |          Set |
| 0     |            _ |           - |        Reset |
| 0     |            _ |         Set |            - |
| 0     |            _ |       Reset |            - |
| 0     |          Yes |           - |            - |
| 0     |          Yes |           - |          Set |
| 0     |          Yes |           - |        Reset |
| 58    |          Yes |         Set |            - |
| 4887  |          Yes |       Reset |            - |
+-------+--------------+-------------+--------------+


2. CLB Logic Distribution
-------------------------

+--------------------------------------------+------+-------+------------+-----------+-------+
|                  Site Type                 | Used | Fixed | Prohibited | Available | Util% |
+--------------------------------------------+------+-------+------------+-----------+-------+
| CLB                                        |  953 |     0 |          0 |     28800 |  3.31 |
|   CLBL                                     |  472 |     0 |            |           |       |
|   CLBM                                     |  481 |     0 |            |           |       |
| LUT as Logic                               | 4153 |     0 |          0 |    230400 |  1.80 |
|   using O5 output only                     |   41 |       |            |           |       |
|   using O6 output only                     | 2485 |       |            |           |       |
|   using O5 and O6                          | 1627 |       |            |           |       |
| LUT as Memory                              |  118 |     0 |          0 |    101760 |  0.12 |
|   LUT as Distributed RAM                   |   22 |     0 |            |           |       |
|     using O5 output only                   |    0 |       |            |           |       |
|     using O6 output only                   |    0 |       |            |           |       |
|     using O5 and O6                        |   22 |       |            |           |       |
|   LUT as Shift Register                    |   96 |     0 |            |           |       |
|     using O5 output only                   |    0 |       |            |           |       |
|     using O6 output only                   |   24 |       |            |           |       |
|     using O5 and O6                        |   72 |       |            |           |       |
| CLB Registers                              | 4945 |     0 |          0 |    460800 |  1.07 |
|   Register driven from within the CLB      | 2068 |       |            |           |       |
|   Register driven from outside the CLB     | 2877 |       |            |           |       |
|     LUT in front of the register is unused | 2263 |       |            |           |       |
|     LUT in front of the register is used   |  614 |       |            |           |       |
| Unique Control Sets                        |  134 |       |          0 |     57600 |  0.23 |
+--------------------------------------------+------+-------+------------+-----------+-------+
* * Note: Available Control Sets calculated as Slices * 2, Review the Control Sets Report for more information regarding control sets.


3. BLOCKRAM
-----------

+----------------+------+-------+------------+-----------+-------+
|    Site Type   | Used | Fixed | Prohibited | Available | Util% |
+----------------+------+-------+------------+-----------+-------+
| Block RAM Tile |    0 |     0 |          0 |       312 |  0.00 |
|   RAMB36/FIFO* |    0 |     0 |          0 |       312 |  0.00 |
|   RAMB18       |    0 |     0 |          0 |       624 |  0.00 |
| URAM           |    0 |     0 |          0 |        96 |  0.00 |
+----------------+------+-------+------------+-----------+-------+
* Note: Each Block RAM Tile only has one FIFO logic available and therefore can accommodate only one FIFO36E2 or one FIFO18E2. However, if a FIFO18E2 occupies a Block RAM Tile, that tile can still accommodate a RAMB18E2


4. ARITHMETIC
-------------

+----------------+------+-------+------------+-----------+-------+
|    Site Type   | Used | Fixed | Prohibited | Available | Util% |
+----------------+------+-------+------------+-----------+-------+
| DSPs           |   17 |     0 |          0 |      1728 |  0.98 |
|   DSP48E2 only |   17 |       |            |           |       |
+----------------+------+-------+------------+-----------+-------+


5. I/O
------

+------------------+------+-------+------------+-----------+-------+
|     Site Type    | Used | Fixed | Prohibited | Available | Util% |
+------------------+------+-------+------------+-----------+-------+
| Bonded IOB       |    0 |     0 |          0 |       360 |  0.00 |
| HPIOB_M          |    0 |     0 |          0 |       144 |  0.00 |
| HPIOB_S          |    0 |     0 |          0 |       144 |  0.00 |
| HDIOB_M          |    0 |     0 |          0 |        24 |  0.00 |
| HDIOB_S          |    0 |     0 |          0 |        24 |  0.00 |
| HPIOB_SNGL       |    0 |     0 |          0 |        24 |  0.00 |
| HPIOBDIFFINBUF   |    0 |     0 |          0 |       192 |  0.00 |
| HPIOBDIFFOUTBUF  |    0 |     0 |          0 |       192 |  0.00 |
| HDIOBDIFFINBUF   |    0 |     0 |          0 |        48 |  0.00 |
| BITSLICE_CONTROL |    0 |     0 |          0 |        64 |  0.00 |
| BITSLICE_RX_TX   |    0 |     0 |          0 |      2496 |  0.00 |
| BITSLICE_TX      |    0 |     0 |          0 |        64 |  0.00 |
| RIU_OR           |    0 |     0 |          0 |        32 |  0.00 |
+------------------+------+-------+------------+-----------+-------+


6. CLOCK
--------

+------------+------+-------+------------+-----------+-------+
|  Site Type | Used | Fixed | Prohibited | Available | Util% |
+------------+------+-------+------------+-----------+-------+
| BUFGCE     |    0 |     0 |          0 |       208 |  0.00 |
| BUFGCE_DIV |    0 |     0 |          0 |        32 |  0.00 |
| BUFG_GT    |    0 |     0 |          0 |       144 |  0.00 |
| BUFG_PS    |    0 |     0 |          0 |        96 |  0.00 |
| BUFGCTRL*  |    0 |     0 |          0 |        64 |  0.00 |
| PLL        |    0 |     0 |          0 |        16 |  0.00 |
| MMCM       |    0 |     0 |          0 |         8 |  0.00 |
+------------+------+-------+------------+-----------+-------+
* Note: Each used BUFGCTRL counts as two GLOBAL CLOCK BUFFERs. This table does not include global clocking resources, only buffer cell usage. See the Clock Utilization Report (report_clock_utilization) for detailed accounting of global clocking resource availability.


7. ADVANCED
-----------

+-----------------+------+-------+------------+-----------+-------+
|    Site Type    | Used | Fixed | Prohibited | Available | Util% |
+-----------------+------+-------+------------+-----------+-------+
| GTHE4_CHANNEL   |    0 |     0 |          0 |        20 |  0.00 |
| GTHE4_COMMON    |    0 |     0 |          0 |         5 |  0.00 |
| OBUFDS_GTE4     |    0 |     0 |          0 |        10 |  0.00 |
| OBUFDS_GTE4_ADV |    0 |     0 |          0 |        10 |  0.00 |
| PCIE40E4        |    0 |     0 |          0 |         2 |  0.00 |
| PS8             |    0 |     0 |          0 |         1 |  0.00 |
| SYSMONE4        |    0 |     0 |          0 |         1 |  0.00 |
| VCU             |    0 |     0 |          0 |         1 |  0.00 |
+-----------------+------+-------+------------+-----------+-------+


8. CONFIGURATION
----------------

+-------------+------+-------+------------+-----------+-------+
|  Site Type  | Used | Fixed | Prohibited | Available | Util% |
+-------------+------+-------+------------+-----------+-------+
| BSCANE2     |    0 |     0 |          0 |         4 |  0.00 |
| DNA_PORTE2  |    0 |     0 |          0 |         1 |  0.00 |
| EFUSE_USR   |    0 |     0 |          0 |         1 |  0.00 |
| FRAME_ECCE4 |    0 |     0 |          0 |         1 |  0.00 |
| ICAPE3      |    0 |     0 |          0 |         2 |  0.00 |
| MASTER_JTAG |    0 |     0 |          0 |         1 |  0.00 |
| STARTUPE3   |    0 |     0 |          0 |         1 |  0.00 |
+-------------+------+-------+------------+-----------+-------+


9. Primitives
-------------

+----------+------+---------------------+
| Ref Name | Used | Functional Category |
+----------+------+---------------------+
| FDRE     | 4887 |            Register |
| LUT3     | 2154 |                 CLB |
| LUT4     | 1335 |                 CLB |
| LUT6     | 1139 |                 CLB |
| LUT2     |  670 |                 CLB |
| LUT5     |  462 |                 CLB |
| CARRY8   |  267 |                 CLB |
| SRL16E   |  168 |                 CLB |
| FDSE     |   58 |            Register |
| MUXF7    |   45 |                 CLB |
| RAMS32   |   38 |                 CLB |
| MUXF8    |   21 |                 CLB |
| LUT1     |   20 |                 CLB |
| DSP48E2  |   17 |          Arithmetic |
| RAMD32   |    6 |                 CLB |
+----------+------+---------------------+


10. Black Boxes
---------------

+----------+------+
| Ref Name | Used |
+----------+------+


11. Instantiated Netlists
-------------------------

+---------------------------------------------------+------+
|                      Ref Name                     | Used |
+---------------------------------------------------+------+
| tiny_mlp_finn_Thresholding_rtl_0_0                |    1 |
| tiny_mlp_finn_StreamingFIFO_rtl_5_0               |    1 |
| tiny_mlp_finn_StreamingFIFO_rtl_4_0               |    1 |
| tiny_mlp_finn_StreamingFIFO_rtl_3_0               |    1 |
| tiny_mlp_finn_StreamingFIFO_rtl_2_0               |    1 |
| tiny_mlp_finn_StreamingFIFO_rtl_1_0               |    1 |
| tiny_mlp_finn_StreamingFIFO_rtl_0_0               |    1 |
| tiny_mlp_finn_StreamingDataWidthConverter_rtl_1_0 |    1 |
| tiny_mlp_finn_StreamingDataWidthConverter_rtl_0_0 |    1 |
| tiny_mlp_finn_MVAU_rtl_0_wstrm_0                  |    1 |
| tiny_mlp_finn_MVAU_rtl_0_0                        |    1 |
| tiny_mlp_finn_MVAU_hls_0_wstrm_0                  |    1 |
| tiny_mlp_finn_MVAU_hls_0_0                        |    1 |
+---------------------------------------------------+------+


